[0.094s] DEBUG:colcon:Command line arguments: ['/usr/bin/colcon', 'list', '-p', '--base-paths', '/home/goat/Swerve/Heading-Aware-CBF-MPPI']
[0.094s] DEBUG:colcon:Parsed command line arguments: Namespace(log_base=None, log_level=None, verb_name='list', build_base='build', ignore_user_meta=False, metas=['./colcon.meta'], base_paths=['/home/goat/Swerve/Heading-Aware-CBF-MPPI'], packages_ignore=None, packages_ignore_regex=None, paths=None, packages_up_to=None, packages_up_to_regex=None, packages_above=None, packages_above_and_dependencies=None, packages_above_depth=None, packages_select_by_dep=None, packages_skip_by_dep=None, packages_skip_up_to=None, packages_select_build_failed=False, packages_skip_build_finished=False, packages_select_test_failures=False, packages_skip_test_passed=False, packages_select=None, packages_skip=None, packages_select_regex=None, packages_skip_regex=None, packages_start=None, packages_end=None, allow_overriding=[], topological_order=False, names_only=False, paths_only=True, topological_graph=False, topological_graph_dot=False, topological_graph_density=False, topological_graph_legend=False, topological_graph_dot_cluster=False, topological_graph_dot_include_skipped=False, mixin_files=None, mixin=None, verb_parser=<colcon_mixin.mixin.mixin_argument.MixinArgumentDecorator object at 0x7a19236b90c0>, verb_extension=<colcon_package_information.verb.list.ListVerb object at 0x7a19236b80a0>, main=<bound method ListVerb.main of <colcon_package_information.verb.list.ListVerb object at 0x7a19236b80a0>>, mixin_verb=('list',))
[0.246s] Level 1:colcon.colcon_core.package_discovery:discover_packages(colcon_meta) check parameters
[0.247s] Level 1:colcon.colcon_core.package_discovery:discover_packages(recursive) check parameters
[0.247s] Level 1:colcon.colcon_core.package_discovery:discover_packages(ignore) check parameters
[0.247s] Level 1:colcon.colcon_core.package_discovery:discover_packages(path) check parameters
[0.247s] Level 1:colcon.colcon_core.package_discovery:discover_packages(recursive) discover
[0.247s] INFO:colcon.colcon_core.package_discovery:Crawling recursively for packages in '/home/goat/Swerve/Heading-Aware-CBF-MPPI'
[0.247s] Level 1:colcon.colcon_core.package_identification:_identify(/home/goat/Swerve/Heading-Aware-CBF-MPPI) by extensions ['ignore', 'ignore_ament_install']
[0.247s] Level 1:colcon.colcon_core.package_identification:_identify(/home/goat/Swerve/Heading-Aware-CBF-MPPI) by extension 'ignore'
[0.247s] Level 1:colcon.colcon_core.package_identification:_identify(/home/goat/Swerve/Heading-Aware-CBF-MPPI) by extension 'ignore_ament_install'
[0.247s] Level 1:colcon.colcon_core.package_identification:_identify(/home/goat/Swerve/Heading-Aware-CBF-MPPI) by extensions ['colcon_pkg']
[0.247s] Level 1:colcon.colcon_core.package_identification:_identify(/home/goat/Swerve/Heading-Aware-CBF-MPPI) by extension 'colcon_pkg'
[0.247s] Level 1:colcon.colcon_core.package_identification:_identify(/home/goat/Swerve/Heading-Aware-CBF-MPPI) by extensions ['colcon_meta']
[0.247s] Level 1:colcon.colcon_core.package_identification:_identify(/home/goat/Swerve/Heading-Aware-CBF-MPPI) by extension 'colcon_meta'
[0.247s] Level 1:colcon.colcon_core.package_identification:_identify(/home/goat/Swerve/Heading-Aware-CBF-MPPI) by extensions ['ros']
[0.247s] Level 1:colcon.colcon_core.package_identification:_identify(/home/goat/Swerve/Heading-Aware-CBF-MPPI) by extension 'ros'
[0.267s] Level 1:colcon.colcon_core.package_identification:_identify(/home/goat/Swerve/Heading-Aware-CBF-MPPI) by extensions ['cmake', 'python']
[0.267s] Level 1:colcon.colcon_core.package_identification:_identify(/home/goat/Swerve/Heading-Aware-CBF-MPPI) by extension 'cmake'
[0.267s] Level 1:colcon.colcon_core.package_identification:_identify(/home/goat/Swerve/Heading-Aware-CBF-MPPI) by extension 'python'
[0.267s] Level 1:colcon.colcon_core.package_identification:_identify(/home/goat/Swerve/Heading-Aware-CBF-MPPI) by extensions ['python_setup_py']
[0.267s] Level 1:colcon.colcon_core.package_identification:_identify(/home/goat/Swerve/Heading-Aware-CBF-MPPI) by extension 'python_setup_py'
[0.268s] Level 1:colcon.colcon_core.package_identification:_identify(/home/goat/Swerve/Heading-Aware-CBF-MPPI/log) by extensions ['ignore', 'ignore_ament_install']
[0.268s] Level 1:colcon.colcon_core.package_identification:_identify(/home/goat/Swerve/Heading-Aware-CBF-MPPI/log) by extension 'ignore'
[0.268s] Level 1:colcon.colcon_core.package_identification:_identify(/home/goat/Swerve/Heading-Aware-CBF-MPPI/log) ignored
[0.268s] Level 1:colcon.colcon_core.package_identification:_identify(/home/goat/Swerve/Heading-Aware-CBF-MPPI/src) by extensions ['ignore', 'ignore_ament_install']
[0.268s] Level 1:colcon.colcon_core.package_identification:_identify(/home/goat/Swerve/Heading-Aware-CBF-MPPI/src) by extension 'ignore'
[0.268s] Level 1:colcon.colcon_core.package_identification:_identify(/home/goat/Swerve/Heading-Aware-CBF-MPPI/src) by extension 'ignore_ament_install'
[0.268s] Level 1:colcon.colcon_core.package_identification:_identify(/home/goat/Swerve/Heading-Aware-CBF-MPPI/src) by extensions ['colcon_pkg']
[0.268s] Level 1:colcon.colcon_core.package_identification:_identify(/home/goat/Swerve/Heading-Aware-CBF-MPPI/src) by extension 'colcon_pkg'
[0.268s] Level 1:colcon.colcon_core.package_identification:_identify(/home/goat/Swerve/Heading-Aware-CBF-MPPI/src) by extensions ['colcon_meta']
[0.268s] Level 1:colcon.colcon_core.package_identification:_identify(/home/goat/Swerve/Heading-Aware-CBF-MPPI/src) by extension 'colcon_meta'
[0.268s] Level 1:colcon.colcon_core.package_identification:_identify(/home/goat/Swerve/Heading-Aware-CBF-MPPI/src) by extensions ['ros']
[0.268s] Level 1:colcon.colcon_core.package_identification:_identify(/home/goat/Swerve/Heading-Aware-CBF-MPPI/src) by extension 'ros'
[0.268s] Level 1:colcon.colcon_core.package_identification:_identify(/home/goat/Swerve/Heading-Aware-CBF-MPPI/src) by extensions ['cmake', 'python']
[0.268s] Level 1:colcon.colcon_core.package_identification:_identify(/home/goat/Swerve/Heading-Aware-CBF-MPPI/src) by extension 'cmake'
[0.268s] Level 1:colcon.colcon_core.package_identification:_identify(/home/goat/Swerve/Heading-Aware-CBF-MPPI/src) by extension 'python'
[0.268s] Level 1:colcon.colcon_core.package_identification:_identify(/home/goat/Swerve/Heading-Aware-CBF-MPPI/src) by extensions ['python_setup_py']
[0.268s] Level 1:colcon.colcon_core.package_identification:_identify(/home/goat/Swerve/Heading-Aware-CBF-MPPI/src) by extension 'python_setup_py'
[0.268s] Level 1:colcon.colcon_core.package_identification:_identify(/home/goat/Swerve/Heading-Aware-CBF-MPPI/src/CBF_perception) by extensions ['ignore', 'ignore_ament_install']
[0.268s] Level 1:colcon.colcon_core.package_identification:_identify(/home/goat/Swerve/Heading-Aware-CBF-MPPI/src/CBF_perception) by extension 'ignore'
[0.268s] Level 1:colcon.colcon_core.package_identification:_identify(/home/goat/Swerve/Heading-Aware-CBF-MPPI/src/CBF_perception) by extension 'ignore_ament_install'
[0.268s] Level 1:colcon.colcon_core.package_identification:_identify(/home/goat/Swerve/Heading-Aware-CBF-MPPI/src/CBF_perception) by extensions ['colcon_pkg']
[0.268s] Level 1:colcon.colcon_core.package_identification:_identify(/home/goat/Swerve/Heading-Aware-CBF-MPPI/src/CBF_perception) by extension 'colcon_pkg'
[0.268s] Level 1:colcon.colcon_core.package_identification:_identify(/home/goat/Swerve/Heading-Aware-CBF-MPPI/src/CBF_perception) by extensions ['colcon_meta']
[0.268s] Level 1:colcon.colcon_core.package_identification:_identify(/home/goat/Swerve/Heading-Aware-CBF-MPPI/src/CBF_perception) by extension 'colcon_meta'
[0.268s] Level 1:colcon.colcon_core.package_identification:_identify(/home/goat/Swerve/Heading-Aware-CBF-MPPI/src/CBF_perception) by extensions ['ros']
[0.268s] Level 1:colcon.colcon_core.package_identification:_identify(/home/goat/Swerve/Heading-Aware-CBF-MPPI/src/CBF_perception) by extension 'ros'
[0.268s] Level 1:colcon.colcon_core.package_identification:_identify(/home/goat/Swerve/Heading-Aware-CBF-MPPI/src/CBF_perception) by extensions ['cmake', 'python']
[0.268s] Level 1:colcon.colcon_core.package_identification:_identify(/home/goat/Swerve/Heading-Aware-CBF-MPPI/src/CBF_perception) by extension 'cmake'
[0.269s] Level 1:colcon.colcon_core.package_identification:_identify(/home/goat/Swerve/Heading-Aware-CBF-MPPI/src/CBF_perception) by extension 'python'
[0.269s] Level 1:colcon.colcon_core.package_identification:_identify(/home/goat/Swerve/Heading-Aware-CBF-MPPI/src/CBF_perception) by extensions ['python_setup_py']
[0.269s] Level 1:colcon.colcon_core.package_identification:_identify(/home/goat/Swerve/Heading-Aware-CBF-MPPI/src/CBF_perception) by extension 'python_setup_py'
[0.269s] Level 1:colcon.colcon_core.package_identification:_identify(/home/goat/Swerve/Heading-Aware-CBF-MPPI/src/CBF_perception/narrow_turn_extractor) by extensions ['ignore', 'ignore_ament_install']
[0.269s] Level 1:colcon.colcon_core.package_identification:_identify(/home/goat/Swerve/Heading-Aware-CBF-MPPI/src/CBF_perception/narrow_turn_extractor) by extension 'ignore'
[0.269s] Level 1:colcon.colcon_core.package_identification:_identify(/home/goat/Swerve/Heading-Aware-CBF-MPPI/src/CBF_perception/narrow_turn_extractor) by extension 'ignore_ament_install'
[0.269s] Level 1:colcon.colcon_core.package_identification:_identify(/home/goat/Swerve/Heading-Aware-CBF-MPPI/src/CBF_perception/narrow_turn_extractor) by extensions ['colcon_pkg']
[0.269s] Level 1:colcon.colcon_core.package_identification:_identify(/home/goat/Swerve/Heading-Aware-CBF-MPPI/src/CBF_perception/narrow_turn_extractor) by extension 'colcon_pkg'
[0.269s] Level 1:colcon.colcon_core.package_identification:_identify(/home/goat/Swerve/Heading-Aware-CBF-MPPI/src/CBF_perception/narrow_turn_extractor) by extensions ['colcon_meta']
[0.269s] Level 1:colcon.colcon_core.package_identification:_identify(/home/goat/Swerve/Heading-Aware-CBF-MPPI/src/CBF_perception/narrow_turn_extractor) by extension 'colcon_meta'
[0.269s] Level 1:colcon.colcon_core.package_identification:_identify(/home/goat/Swerve/Heading-Aware-CBF-MPPI/src/CBF_perception/narrow_turn_extractor) by extensions ['ros']
[0.269s] Level 1:colcon.colcon_core.package_identification:_identify(/home/goat/Swerve/Heading-Aware-CBF-MPPI/src/CBF_perception/narrow_turn_extractor) by extension 'ros'
[0.269s] Level 1:colcon.colcon_core.package_identification:_identify(/home/goat/Swerve/Heading-Aware-CBF-MPPI/src/CBF_perception/narrow_turn_extractor) by extensions ['cmake', 'python']
[0.269s] Level 1:colcon.colcon_core.package_identification:_identify(/home/goat/Swerve/Heading-Aware-CBF-MPPI/src/CBF_perception/narrow_turn_extractor) by extension 'cmake'
[0.269s] Level 1:colcon.colcon_core.package_identification:_identify(/home/goat/Swerve/Heading-Aware-CBF-MPPI/src/CBF_perception/narrow_turn_extractor) by extension 'python'
[0.269s] Level 1:colcon.colcon_core.package_identification:_identify(/home/goat/Swerve/Heading-Aware-CBF-MPPI/src/CBF_perception/narrow_turn_extractor) by extensions ['python_setup_py']
[0.269s] Level 1:colcon.colcon_core.package_identification:_identify(/home/goat/Swerve/Heading-Aware-CBF-MPPI/src/CBF_perception/narrow_turn_extractor) by extension 'python_setup_py'
[0.269s] Level 1:colcon.colcon_core.package_identification:_identify(/home/goat/Swerve/Heading-Aware-CBF-MPPI/src/CBF_perception/narrow_turn_extractor/maps) by extensions ['ignore', 'ignore_ament_install']
[0.269s] Level 1:colcon.colcon_core.package_identification:_identify(/home/goat/Swerve/Heading-Aware-CBF-MPPI/src/CBF_perception/narrow_turn_extractor/maps) by extension 'ignore'
[0.269s] Level 1:colcon.colcon_core.package_identification:_identify(/home/goat/Swerve/Heading-Aware-CBF-MPPI/src/CBF_perception/narrow_turn_extractor/maps) by extension 'ignore_ament_install'
[0.269s] Level 1:colcon.colcon_core.package_identification:_identify(/home/goat/Swerve/Heading-Aware-CBF-MPPI/src/CBF_perception/narrow_turn_extractor/maps) by extensions ['colcon_pkg']
[0.269s] Level 1:colcon.colcon_core.package_identification:_identify(/home/goat/Swerve/Heading-Aware-CBF-MPPI/src/CBF_perception/narrow_turn_extractor/maps) by extension 'colcon_pkg'
[0.269s] Level 1:colcon.colcon_core.package_identification:_identify(/home/goat/Swerve/Heading-Aware-CBF-MPPI/src/CBF_perception/narrow_turn_extractor/maps) by extensions ['colcon_meta']
[0.269s] Level 1:colcon.colcon_core.package_identification:_identify(/home/goat/Swerve/Heading-Aware-CBF-MPPI/src/CBF_perception/narrow_turn_extractor/maps) by extension 'colcon_meta'
[0.269s] Level 1:colcon.colcon_core.package_identification:_identify(/home/goat/Swerve/Heading-Aware-CBF-MPPI/src/CBF_perception/narrow_turn_extractor/maps) by extensions ['ros']
[0.269s] Level 1:colcon.colcon_core.package_identification:_identify(/home/goat/Swerve/Heading-Aware-CBF-MPPI/src/CBF_perception/narrow_turn_extractor/maps) by extension 'ros'
[0.269s] Level 1:colcon.colcon_core.package_identification:_identify(/home/goat/Swerve/Heading-Aware-CBF-MPPI/src/CBF_perception/narrow_turn_extractor/maps) by extensions ['cmake', 'python']
[0.269s] Level 1:colcon.colcon_core.package_identification:_identify(/home/goat/Swerve/Heading-Aware-CBF-MPPI/src/CBF_perception/narrow_turn_extractor/maps) by extension 'cmake'
[0.269s] Level 1:colcon.colcon_core.package_identification:_identify(/home/goat/Swerve/Heading-Aware-CBF-MPPI/src/CBF_perception/narrow_turn_extractor/maps) by extension 'python'
[0.269s] Level 1:colcon.colcon_core.package_identification:_identify(/home/goat/Swerve/Heading-Aware-CBF-MPPI/src/CBF_perception/narrow_turn_extractor/maps) by extensions ['python_setup_py']
[0.269s] Level 1:colcon.colcon_core.package_identification:_identify(/home/goat/Swerve/Heading-Aware-CBF-MPPI/src/CBF_perception/narrow_turn_extractor/maps) by extension 'python_setup_py'
[0.269s] Level 1:colcon.colcon_core.package_identification:_identify(/home/goat/Swerve/Heading-Aware-CBF-MPPI/src/CBF_perception/narrow_turn_extractor/params) by extensions ['ignore', 'ignore_ament_install']
[0.269s] Level 1:colcon.colcon_core.package_identification:_identify(/home/goat/Swerve/Heading-Aware-CBF-MPPI/src/CBF_perception/narrow_turn_extractor/params) by extension 'ignore'
[0.270s] Level 1:colcon.colcon_core.package_identification:_identify(/home/goat/Swerve/Heading-Aware-CBF-MPPI/src/CBF_perception/narrow_turn_extractor/params) by extension 'ignore_ament_install'
[0.270s] Level 1:colcon.colcon_core.package_identification:_identify(/home/goat/Swerve/Heading-Aware-CBF-MPPI/src/CBF_perception/narrow_turn_extractor/params) by extensions ['colcon_pkg']
[0.270s] Level 1:colcon.colcon_core.package_identification:_identify(/home/goat/Swerve/Heading-Aware-CBF-MPPI/src/CBF_perception/narrow_turn_extractor/params) by extension 'colcon_pkg'
[0.270s] Level 1:colcon.colcon_core.package_identification:_identify(/home/goat/Swerve/Heading-Aware-CBF-MPPI/src/CBF_perception/narrow_turn_extractor/params) by extensions ['colcon_meta']
[0.270s] Level 1:colcon.colcon_core.package_identification:_identify(/home/goat/Swerve/Heading-Aware-CBF-MPPI/src/CBF_perception/narrow_turn_extractor/params) by extension 'colcon_meta'
[0.270s] Level 1:colcon.colcon_core.package_identification:_identify(/home/goat/Swerve/Heading-Aware-CBF-MPPI/src/CBF_perception/narrow_turn_extractor/params) by extensions ['ros']
[0.270s] Level 1:colcon.colcon_core.package_identification:_identify(/home/goat/Swerve/Heading-Aware-CBF-MPPI/src/CBF_perception/narrow_turn_extractor/params) by extension 'ros'
[0.270s] Level 1:colcon.colcon_core.package_identification:_identify(/home/goat/Swerve/Heading-Aware-CBF-MPPI/src/CBF_perception/narrow_turn_extractor/params) by extensions ['cmake', 'python']
[0.270s] Level 1:colcon.colcon_core.package_identification:_identify(/home/goat/Swerve/Heading-Aware-CBF-MPPI/src/CBF_perception/narrow_turn_extractor/params) by extension 'cmake'
[0.270s] Level 1:colcon.colcon_core.package_identification:_identify(/home/goat/Swerve/Heading-Aware-CBF-MPPI/src/CBF_perception/narrow_turn_extractor/params) by extension 'python'
[0.270s] Level 1:colcon.colcon_core.package_identification:_identify(/home/goat/Swerve/Heading-Aware-CBF-MPPI/src/CBF_perception/narrow_turn_extractor/params) by extensions ['python_setup_py']
[0.270s] Level 1:colcon.colcon_core.package_identification:_identify(/home/goat/Swerve/Heading-Aware-CBF-MPPI/src/CBF_perception/narrow_turn_extractor/params) by extension 'python_setup_py'
[0.270s] Level 1:colcon.colcon_core.package_identification:_identify(/home/goat/Swerve/Heading-Aware-CBF-MPPI/src/CBF_perception/narrow_turn_extractor/scripts) by extensions ['ignore', 'ignore_ament_install']
[0.270s] Level 1:colcon.colcon_core.package_identification:_identify(/home/goat/Swerve/Heading-Aware-CBF-MPPI/src/CBF_perception/narrow_turn_extractor/scripts) by extension 'ignore'
[0.270s] Level 1:colcon.colcon_core.package_identification:_identify(/home/goat/Swerve/Heading-Aware-CBF-MPPI/src/CBF_perception/narrow_turn_extractor/scripts) by extension 'ignore_ament_install'
[0.270s] Level 1:colcon.colcon_core.package_identification:_identify(/home/goat/Swerve/Heading-Aware-CBF-MPPI/src/CBF_perception/narrow_turn_extractor/scripts) by extensions ['colcon_pkg']
[0.270s] Level 1:colcon.colcon_core.package_identification:_identify(/home/goat/Swerve/Heading-Aware-CBF-MPPI/src/CBF_perception/narrow_turn_extractor/scripts) by extension 'colcon_pkg'
[0.270s] Level 1:colcon.colcon_core.package_identification:_identify(/home/goat/Swerve/Heading-Aware-CBF-MPPI/src/CBF_perception/narrow_turn_extractor/scripts) by extensions ['colcon_meta']
[0.270s] Level 1:colcon.colcon_core.package_identification:_identify(/home/goat/Swerve/Heading-Aware-CBF-MPPI/src/CBF_perception/narrow_turn_extractor/scripts) by extension 'colcon_meta'
[0.270s] Level 1:colcon.colcon_core.package_identification:_identify(/home/goat/Swerve/Heading-Aware-CBF-MPPI/src/CBF_perception/narrow_turn_extractor/scripts) by extensions ['ros']
[0.270s] Level 1:colcon.colcon_core.package_identification:_identify(/home/goat/Swerve/Heading-Aware-CBF-MPPI/src/CBF_perception/narrow_turn_extractor/scripts) by extension 'ros'
[0.270s] Level 1:colcon.colcon_core.package_identification:_identify(/home/goat/Swerve/Heading-Aware-CBF-MPPI/src/CBF_perception/narrow_turn_extractor/scripts) by extensions ['cmake', 'python']
[0.270s] Level 1:colcon.colcon_core.package_identification:_identify(/home/goat/Swerve/Heading-Aware-CBF-MPPI/src/CBF_perception/narrow_turn_extractor/scripts) by extension 'cmake'
[0.270s] Level 1:colcon.colcon_core.package_identification:_identify(/home/goat/Swerve/Heading-Aware-CBF-MPPI/src/CBF_perception/narrow_turn_extractor/scripts) by extension 'python'
[0.270s] Level 1:colcon.colcon_core.package_identification:_identify(/home/goat/Swerve/Heading-Aware-CBF-MPPI/src/CBF_perception/narrow_turn_extractor/scripts) by extensions ['python_setup_py']
[0.270s] Level 1:colcon.colcon_core.package_identification:_identify(/home/goat/Swerve/Heading-Aware-CBF-MPPI/src/CBF_perception/narrow_turn_extractor/scripts) by extension 'python_setup_py'
[0.270s] Level 1:colcon.colcon_core.package_identification:_identify(/home/goat/Swerve/Heading-Aware-CBF-MPPI/src/cbf_critic) by extensions ['ignore', 'ignore_ament_install']
[0.270s] Level 1:colcon.colcon_core.package_identification:_identify(/home/goat/Swerve/Heading-Aware-CBF-MPPI/src/cbf_critic) by extension 'ignore'
[0.270s] Level 1:colcon.colcon_core.package_identification:_identify(/home/goat/Swerve/Heading-Aware-CBF-MPPI/src/cbf_critic) by extension 'ignore_ament_install'
[0.270s] Level 1:colcon.colcon_core.package_identification:_identify(/home/goat/Swerve/Heading-Aware-CBF-MPPI/src/cbf_critic) by extensions ['colcon_pkg']
[0.270s] Level 1:colcon.colcon_core.package_identification:_identify(/home/goat/Swerve/Heading-Aware-CBF-MPPI/src/cbf_critic) by extension 'colcon_pkg'
[0.270s] Level 1:colcon.colcon_core.package_identification:_identify(/home/goat/Swerve/Heading-Aware-CBF-MPPI/src/cbf_critic) by extensions ['colcon_meta']
[0.270s] Level 1:colcon.colcon_core.package_identification:_identify(/home/goat/Swerve/Heading-Aware-CBF-MPPI/src/cbf_critic) by extension 'colcon_meta'
[0.270s] Level 1:colcon.colcon_core.package_identification:_identify(/home/goat/Swerve/Heading-Aware-CBF-MPPI/src/cbf_critic) by extensions ['ros']
[0.270s] Level 1:colcon.colcon_core.package_identification:_identify(/home/goat/Swerve/Heading-Aware-CBF-MPPI/src/cbf_critic) by extension 'ros'
[0.273s] DEBUG:colcon.colcon_core.package_identification:Package '/home/goat/Swerve/Heading-Aware-CBF-MPPI/src/cbf_critic' with type 'ros.ament_python' and name 'cbf_critic'
[0.273s] Level 1:colcon.colcon_core.package_identification:_identify(/home/goat/Swerve/Heading-Aware-CBF-MPPI/src/cbf_sim) by extensions ['ignore', 'ignore_ament_install']
[0.273s] Level 1:colcon.colcon_core.package_identification:_identify(/home/goat/Swerve/Heading-Aware-CBF-MPPI/src/cbf_sim) by extension 'ignore'
[0.273s] Level 1:colcon.colcon_core.package_identification:_identify(/home/goat/Swerve/Heading-Aware-CBF-MPPI/src/cbf_sim) by extension 'ignore_ament_install'
[0.273s] Level 1:colcon.colcon_core.package_identification:_identify(/home/goat/Swerve/Heading-Aware-CBF-MPPI/src/cbf_sim) by extensions ['colcon_pkg']
[0.273s] Level 1:colcon.colcon_core.package_identification:_identify(/home/goat/Swerve/Heading-Aware-CBF-MPPI/src/cbf_sim) by extension 'colcon_pkg'
[0.273s] Level 1:colcon.colcon_core.package_identification:_identify(/home/goat/Swerve/Heading-Aware-CBF-MPPI/src/cbf_sim) by extensions ['colcon_meta']
[0.273s] Level 1:colcon.colcon_core.package_identification:_identify(/home/goat/Swerve/Heading-Aware-CBF-MPPI/src/cbf_sim) by extension 'colcon_meta'
[0.273s] Level 1:colcon.colcon_core.package_identification:_identify(/home/goat/Swerve/Heading-Aware-CBF-MPPI/src/cbf_sim) by extensions ['ros']
[0.273s] Level 1:colcon.colcon_core.package_identification:_identify(/home/goat/Swerve/Heading-Aware-CBF-MPPI/src/cbf_sim) by extension 'ros'
[0.274s] DEBUG:colcon.colcon_core.package_identification:Package '/home/goat/Swerve/Heading-Aware-CBF-MPPI/src/cbf_sim' with type 'ros.ament_python' and name 'cbf_sim'
[0.274s] Level 1:colcon.colcon_core.package_identification:_identify(/home/goat/Swerve/Heading-Aware-CBF-MPPI/src/nav2_bringup) by extensions ['ignore', 'ignore_ament_install']
[0.274s] Level 1:colcon.colcon_core.package_identification:_identify(/home/goat/Swerve/Heading-Aware-CBF-MPPI/src/nav2_bringup) by extension 'ignore'
[0.274s] Level 1:colcon.colcon_core.package_identification:_identify(/home/goat/Swerve/Heading-Aware-CBF-MPPI/src/nav2_bringup) by extension 'ignore_ament_install'
[0.274s] Level 1:colcon.colcon_core.package_identification:_identify(/home/goat/Swerve/Heading-Aware-CBF-MPPI/src/nav2_bringup) by extensions ['colcon_pkg']
[0.274s] Level 1:colcon.colcon_core.package_identification:_identify(/home/goat/Swerve/Heading-Aware-CBF-MPPI/src/nav2_bringup) by extension 'colcon_pkg'
[0.274s] Level 1:colcon.colcon_core.package_identification:_identify(/home/goat/Swerve/Heading-Aware-CBF-MPPI/src/nav2_bringup) by extensions ['colcon_meta']
[0.274s] Level 1:colcon.colcon_core.package_identification:_identify(/home/goat/Swerve/Heading-Aware-CBF-MPPI/src/nav2_bringup) by extension 'colcon_meta'
[0.274s] Level 1:colcon.colcon_core.package_identification:_identify(/home/goat/Swerve/Heading-Aware-CBF-MPPI/src/nav2_bringup) by extensions ['ros']
[0.274s] Level 1:colcon.colcon_core.package_identification:_identify(/home/goat/Swerve/Heading-Aware-CBF-MPPI/src/nav2_bringup) by extension 'ros'
[0.274s] DEBUG:colcon.colcon_core.package_identification:Package '/home/goat/Swerve/Heading-Aware-CBF-MPPI/src/nav2_bringup' with type 'ros.ament_cmake' and name 'nav2_bringup'
[0.275s] Level 1:colcon.colcon_core.package_identification:_identify(/home/goat/Swerve/Heading-Aware-CBF-MPPI/src/nav2_mppi_controller) by extensions ['ignore', 'ignore_ament_install']
[0.275s] Level 1:colcon.colcon_core.package_identification:_identify(/home/goat/Swerve/Heading-Aware-CBF-MPPI/src/nav2_mppi_controller) by extension 'ignore'
[0.275s] Level 1:colcon.colcon_core.package_identification:_identify(/home/goat/Swerve/Heading-Aware-CBF-MPPI/src/nav2_mppi_controller) by extension 'ignore_ament_install'
[0.275s] Level 1:colcon.colcon_core.package_identification:_identify(/home/goat/Swerve/Heading-Aware-CBF-MPPI/src/nav2_mppi_controller) by extensions ['colcon_pkg']
[0.275s] Level 1:colcon.colcon_core.package_identification:_identify(/home/goat/Swerve/Heading-Aware-CBF-MPPI/src/nav2_mppi_controller) by extension 'colcon_pkg'
[0.275s] Level 1:colcon.colcon_core.package_identification:_identify(/home/goat/Swerve/Heading-Aware-CBF-MPPI/src/nav2_mppi_controller) by extensions ['colcon_meta']
[0.275s] Level 1:colcon.colcon_core.package_identification:_identify(/home/goat/Swerve/Heading-Aware-CBF-MPPI/src/nav2_mppi_controller) by extension 'colcon_meta'
[0.275s] Level 1:colcon.colcon_core.package_identification:_identify(/home/goat/Swerve/Heading-Aware-CBF-MPPI/src/nav2_mppi_controller) by extensions ['ros']
[0.275s] Level 1:colcon.colcon_core.package_identification:_identify(/home/goat/Swerve/Heading-Aware-CBF-MPPI/src/nav2_mppi_controller) by extension 'ros'
[0.276s] DEBUG:colcon.colcon_core.package_identification:Package '/home/goat/Swerve/Heading-Aware-CBF-MPPI/src/nav2_mppi_controller' with type 'ros.ament_cmake' and name 'nav2_mppi_controller'
[0.276s] Level 1:colcon.colcon_core.package_identification:_identify(/home/goat/Swerve/Heading-Aware-CBF-MPPI/src/rplidar_ros) by extensions ['ignore', 'ignore_ament_install']
[0.276s] Level 1:colcon.colcon_core.package_identification:_identify(/home/goat/Swerve/Heading-Aware-CBF-MPPI/src/rplidar_ros) by extension 'ignore'
[0.276s] Level 1:colcon.colcon_core.package_identification:_identify(/home/goat/Swerve/Heading-Aware-CBF-MPPI/src/rplidar_ros) by extension 'ignore_ament_install'
[0.276s] Level 1:colcon.colcon_core.package_identification:_identify(/home/goat/Swerve/Heading-Aware-CBF-MPPI/src/rplidar_ros) by extensions ['colcon_pkg']
[0.276s] Level 1:colcon.colcon_core.package_identification:_identify(/home/goat/Swerve/Heading-Aware-CBF-MPPI/src/rplidar_ros) by extension 'colcon_pkg'
[0.276s] Level 1:colcon.colcon_core.package_identification:_identify(/home/goat/Swerve/Heading-Aware-CBF-MPPI/src/rplidar_ros) by extensions ['colcon_meta']
[0.276s] Level 1:colcon.colcon_core.package_identification:_identify(/home/goat/Swerve/Heading-Aware-CBF-MPPI/src/rplidar_ros) by extension 'colcon_meta'
[0.276s] Level 1:colcon.colcon_core.package_identification:_identify(/home/goat/Swerve/Heading-Aware-CBF-MPPI/src/rplidar_ros) by extensions ['ros']
[0.276s] Level 1:colcon.colcon_core.package_identification:_identify(/home/goat/Swerve/Heading-Aware-CBF-MPPI/src/rplidar_ros) by extension 'ros'
[0.277s] Level 1:colcon.colcon_core.package_identification:_identify(/home/goat/Swerve/Heading-Aware-CBF-MPPI/src/rplidar_ros) by extensions ['cmake', 'python']
[0.277s] Level 1:colcon.colcon_core.package_identification:_identify(/home/goat/Swerve/Heading-Aware-CBF-MPPI/src/rplidar_ros) by extension 'cmake'
[0.277s] Level 1:colcon.colcon_core.package_identification:_identify(/home/goat/Swerve/Heading-Aware-CBF-MPPI/src/rplidar_ros) by extension 'python'
[0.277s] Level 1:colcon.colcon_core.package_identification:_identify(/home/goat/Swerve/Heading-Aware-CBF-MPPI/src/rplidar_ros) by extensions ['python_setup_py']
[0.277s] Level 1:colcon.colcon_core.package_identification:_identify(/home/goat/Swerve/Heading-Aware-CBF-MPPI/src/rplidar_ros) by extension 'python_setup_py'
[0.277s] Level 1:colcon.colcon_core.package_identification:_identify(/home/goat/Swerve/Heading-Aware-CBF-MPPI/src/stella_ahrs) by extensions ['ignore', 'ignore_ament_install']
[0.277s] Level 1:colcon.colcon_core.package_identification:_identify(/home/goat/Swerve/Heading-Aware-CBF-MPPI/src/stella_ahrs) by extension 'ignore'
[0.277s] Level 1:colcon.colcon_core.package_identification:_identify(/home/goat/Swerve/Heading-Aware-CBF-MPPI/src/stella_ahrs) by extension 'ignore_ament_install'
[0.277s] Level 1:colcon.colcon_core.package_identification:_identify(/home/goat/Swerve/Heading-Aware-CBF-MPPI/src/stella_ahrs) by extensions ['colcon_pkg']
[0.277s] Level 1:colcon.colcon_core.package_identification:_identify(/home/goat/Swerve/Heading-Aware-CBF-MPPI/src/stella_ahrs) by extension 'colcon_pkg'
[0.277s] Level 1:colcon.colcon_core.package_identification:_identify(/home/goat/Swerve/Heading-Aware-CBF-MPPI/src/stella_ahrs) by extensions ['colcon_meta']
[0.277s] Level 1:colcon.colcon_core.package_identification:_identify(/home/goat/Swerve/Heading-Aware-CBF-MPPI/src/stella_ahrs) by extension 'colcon_meta'
[0.277s] Level 1:colcon.colcon_core.package_identification:_identify(/home/goat/Swerve/Heading-Aware-CBF-MPPI/src/stella_ahrs) by extensions ['ros']
[0.277s] Level 1:colcon.colcon_core.package_identification:_identify(/home/goat/Swerve/Heading-Aware-CBF-MPPI/src/stella_ahrs) by extension 'ros'
[0.278s] DEBUG:colcon.colcon_core.package_identification:Package '/home/goat/Swerve/Heading-Aware-CBF-MPPI/src/stella_ahrs' with type 'ros.ament_cmake' and name 'stella_ahrs'
[0.278s] Level 1:colcon.colcon_core.package_identification:_identify(/home/goat/Swerve/Heading-Aware-CBF-MPPI/src/swerve_bot) by extensions ['ignore', 'ignore_ament_install']
[0.278s] Level 1:colcon.colcon_core.package_identification:_identify(/home/goat/Swerve/Heading-Aware-CBF-MPPI/src/swerve_bot) by extension 'ignore'
[0.278s] Level 1:colcon.colcon_core.package_identification:_identify(/home/goat/Swerve/Heading-Aware-CBF-MPPI/src/swerve_bot) by extension 'ignore_ament_install'
[0.278s] Level 1:colcon.colcon_core.package_identification:_identify(/home/goat/Swerve/Heading-Aware-CBF-MPPI/src/swerve_bot) by extensions ['colcon_pkg']
[0.278s] Level 1:colcon.colcon_core.package_identification:_identify(/home/goat/Swerve/Heading-Aware-CBF-MPPI/src/swerve_bot) by extension 'colcon_pkg'
[0.278s] Level 1:colcon.colcon_core.package_identification:_identify(/home/goat/Swerve/Heading-Aware-CBF-MPPI/src/swerve_bot) by extensions ['colcon_meta']
[0.278s] Level 1:colcon.colcon_core.package_identification:_identify(/home/goat/Swerve/Heading-Aware-CBF-MPPI/src/swerve_bot) by extension 'colcon_meta'
[0.278s] Level 1:colcon.colcon_core.package_identification:_identify(/home/goat/Swerve/Heading-Aware-CBF-MPPI/src/swerve_bot) by extensions ['ros']
[0.278s] Level 1:colcon.colcon_core.package_identification:_identify(/home/goat/Swerve/Heading-Aware-CBF-MPPI/src/swerve_bot) by extension 'ros'
[0.278s] DEBUG:colcon.colcon_core.package_identification:Package '/home/goat/Swerve/Heading-Aware-CBF-MPPI/src/swerve_bot' with type 'ros.ament_python' and name 'swerve_bot'
[0.278s] Level 1:colcon.colcon_core.package_identification:_identify(/home/goat/Swerve/Heading-Aware-CBF-MPPI/src/swerve_cartographer) by extensions ['ignore', 'ignore_ament_install']
[0.279s] Level 1:colcon.colcon_core.package_identification:_identify(/home/goat/Swerve/Heading-Aware-CBF-MPPI/src/swerve_cartographer) by extension 'ignore'
[0.279s] Level 1:colcon.colcon_core.package_identification:_identify(/home/goat/Swerve/Heading-Aware-CBF-MPPI/src/swerve_cartographer) by extension 'ignore_ament_install'
[0.279s] Level 1:colcon.colcon_core.package_identification:_identify(/home/goat/Swerve/Heading-Aware-CBF-MPPI/src/swerve_cartographer) by extensions ['colcon_pkg']
[0.279s] Level 1:colcon.colcon_core.package_identification:_identify(/home/goat/Swerve/Heading-Aware-CBF-MPPI/src/swerve_cartographer) by extension 'colcon_pkg'
[0.279s] Level 1:colcon.colcon_core.package_identification:_identify(/home/goat/Swerve/Heading-Aware-CBF-MPPI/src/swerve_cartographer) by extensions ['colcon_meta']
[0.279s] Level 1:colcon.colcon_core.package_identification:_identify(/home/goat/Swerve/Heading-Aware-CBF-MPPI/src/swerve_cartographer) by extension 'colcon_meta'
[0.279s] Level 1:colcon.colcon_core.package_identification:_identify(/home/goat/Swerve/Heading-Aware-CBF-MPPI/src/swerve_cartographer) by extensions ['ros']
[0.279s] Level 1:colcon.colcon_core.package_identification:_identify(/home/goat/Swerve/Heading-Aware-CBF-MPPI/src/swerve_cartographer) by extension 'ros'
[0.279s] DEBUG:colcon.colcon_core.package_identification:Package '/home/goat/Swerve/Heading-Aware-CBF-MPPI/src/swerve_cartographer' with type 'ros.ament_python' and name 'swerve_cartographer'
[0.279s] Level 1:colcon.colcon_core.package_discovery:discover_packages(recursive) using defaults
